
> client@0.0.0 build
> vite build

[36mvite v5.4.21 [32mbuilding for production...[36m[39m
transforming...
[32mΓ£ô[39m 3 modules transformed.
x Build failed in 211ms
error during build:
[vite:css] [postcss] It looks like you're trying to use `tailwindcss` directly as a PostCSS plugin. The PostCSS plugin has moved to a separate package, so to continue using Tailwind CSS with PostCSS you'll need to install `@tailwindcss/postcss` and update your PostCSS configuration.
file: C:/Users/Asif/Documents/Code/Inventory Solutions/Solution AntiGravity/client/src/index.css:undefined:NaN
    at at (C:\Users\Asif\Documents\Code\Inventory Solutions\Solution AntiGravity\client\node_modules\tailwindcss\dist\lib.js:38:1629)
    at LazyResult.runOnRoot (C:\Users\Asif\Documents\Code\Inventory Solutions\Solution AntiGravity\node_modules\postcss\lib\lazy-result.js:361:16)
    at LazyResult.runAsync (C:\Users\Asif\Documents\Code\Inventory Solutions\Solution AntiGravity\node_modules\postcss\lib\lazy-result.js:290:26)
    at LazyResult.async (C:\Users\Asif\Documents\Code\Inventory Solutions\Solution AntiGravity\node_modules\postcss\lib\lazy-result.js:192:30)
    at LazyResult.then (C:\Users\Asif\Documents\Code\Inventory Solutions\Solution AntiGravity\node_modules\postcss\lib\lazy-result.js:436:17)
    at async compileCSS (file:///C:/Users/Asif/Documents/Code/Inventory%20Solutions/Solution%20AntiGravity/node_modules/vite/dist/node/chunks/dep-BK3b2jBa.js:36898:21)
    at async Object.transform (file:///C:/Users/Asif/Documents/Code/Inventory%20Solutions/Solution%20AntiGravity/node_modules/vite/dist/node/chunks/dep-BK3b2jBa.js:36171:11)
    at async transform (file:///C:/Users/Asif/Documents/Code/Inventory%20Solutions/Solution%20AntiGravity/node_modules/rollup/dist/es/shared/node-entry.js:21163:16)
    at async ModuleLoader.addModuleSource (file:///C:/Users/Asif/Documents/Code/Inventory%20Solutions/Solution%20AntiGravity/node_modules/rollup/dist/es/shared/node-entry.js:21377:36)
npm error Lifecycle script `build` failed with error:
npm error code 1
npm error path C:\Users\Asif\Documents\Code\Inventory Solutions\Solution AntiGravity\client
npm error workspace client@0.0.0
npm error location C:\Users\Asif\Documents\Code\Inventory Solutions\Solution AntiGravity\client
npm error command failed
npm error command C:\WINDOWS\system32\cmd.exe /d /s /c vite build
